--- Phase 9: Full Game Loop & Persistence Verification ---

[Turn 1] Narrative Input: "I cautiously enter the cave."
node.exe : [DirectorService] Provider not found: google
At C:\nvm4w\nodejs\npx.ps1:29 char:3
+   & $NODE_EXE $NPX_CLI_JS $args
+   ~~~~~~~~~~~~~~~~~~~~~~~~~~~~~
    + CategoryInfo          : NotSpecified: ([DirectorServic...t found:  
   google:String) [], RemoteException
    + FullyQualifiedErrorId : NativeCommandError
 
D:\coding\rpg_NEW\src\ruleset\agents\ContextBuilder.ts:243
        const pad = (n: number) => n.toString().padStart(2, '0');
                                     ^


TypeError: Cannot read properties of undefined (reading 'toString')
    at pad 
(D:\coding\rpg_NEW\src\ruleset\agents\ContextBuilder.ts:243:38)
    at Function.getHybridTime 
(D:\coding\rpg_NEW\src\ruleset\agents\ContextBuilder.ts:244:26)
    at Function.buildBaseContext 
(D:\coding\rpg_NEW\src\ruleset\agents\ContextBuilder.ts:90:29)
    at Function.build 
(D:\coding\rpg_NEW\src\ruleset\agents\ContextBuilder.ts:66:27)
    at Function.generate 
(D:\coding\rpg_NEW\src\ruleset\agents\NarratorService.ts:29:40)
    at GameLoop.processTurn 
(D:\coding\rpg_NEW\src\ruleset\combat\GameLoop.ts:158:60)
    at async runFullLoopSimulation 
(D:\coding\rpg_NEW\src\ruleset\tests\simulate_full_loop.ts:72:18)

Node.js v22.15.0
