src/ruleset/agents/AgentManager.ts(2,32): error TS2732: Cannot find module './AgentConfig.json'. Consider using '--resolveJsonModule' to import module with '.json' extension.
src/ruleset/agents/ContextBuilder.ts(87,44): error TS2345: Argument of type '{ max?: number; current?: number; temp?: number; }' is not assignable to parameter of type '{ current: number; max: number; }'.
  Property 'current' is optional in type '{ max?: number; current?: number; temp?: number; }' but required in type '{ current: number; max: number; }'.
src/ruleset/agents/ContextBuilder.ts(108,53): error TS2345: Argument of type '[number, number, ...unknown[]]' is not assignable to parameter of type '[number, number]'.
  Target allows only 2 element(s) but source may have more.
src/ruleset/agents/ContextBuilder.ts(110,42): error TS2345: Argument of type '[number, number, ...unknown[]]' is not assignable to parameter of type '[number, number]'.
  Target allows only 2 element(s) but source may have more.
src/ruleset/agents/ContextBuilder.ts(119,57): error TS2345: Argument of type '[number, number, ...unknown[]]' is not assignable to parameter of type '[number, number]'.
  Target allows only 2 element(s) but source may have more.
src/ruleset/agents/ContextBuilder.ts(130,51): error TS2345: Argument of type '[number, number, ...unknown[]]' is not assignable to parameter of type '[number, number]'.
  Target allows only 2 element(s) but source may have more.
src/ruleset/combat/BiomeRegistry.ts(1,27): error TS2732: Cannot find module '../data/biome-manifest.json'. Consider using '--resolveJsonModule' to import module with '.json' extension.
src/ruleset/combat/LootEngine.ts(7,31): error TS2732: Cannot find module '../../../data/mappings/weapon_action_mapping.json'. Consider using '--resolveJsonModule' to import module with '.json' extension.
src/ruleset/combat/LootEngine.ts(8,30): error TS2732: Cannot find module '../../../data/mappings/armor_ac_mapping.json'. Consider using '--resolveJsonModule' to import module with '.json' extension.
src/ruleset/combat/LootEngine.ts(9,27): error TS2732: Cannot find module '../../../data/mappings/loot_tiers.json'. Consider using '--resolveJsonModule' to import module with '.json' extension.
src/ruleset/combat/managers/CombatOrchestrator.ts(2,10): error TS2305: Module '"../../schemas/CombatSchema"' has no exported member 'ActionIntent'.
src/ruleset/combat/managers/CombatOrchestrator.ts(2,37): error TS2440: Import declaration conflicts with local declaration of 'Combatant'.
src/ruleset/combat/managers/CombatOrchestrator.ts(2,48): error TS2305: Module '"../../schemas/CombatSchema"' has no exported member 'CombatLogEntry'.
src/ruleset/data/DataManager.ts(29,29): error TS1343: The 'import.meta' meta-property is only allowed when the '--module' option is 'es2020', 'es2022', 'esnext', 'system', 'node16', 'node18', 'node20', or 'nodenext'.
src/ruleset/data/DataManager.ts(43,30): error TS1343: The 'import.meta' meta-property is only allowed when the '--module' option is 'es2020', 'es2022', 'esnext', 'system', 'node16', 'node18', 'node20', or 'nodenext'.
src/ruleset/data/DataManager.ts(57,27): error TS1343: The 'import.meta' meta-property is only allowed when the '--module' option is 'es2020', 'es2022', 'esnext', 'system', 'node16', 'node18', 'node20', or 'nodenext'.
src/ruleset/data/DataManager.ts(71,29): error TS1343: The 'import.meta' meta-property is only allowed when the '--module' option is 'es2020', 'es2022', 'esnext', 'system', 'node16', 'node18', 'node20', or 'nodenext'.
src/ruleset/data/DataManager.ts(95,44): error TS2732: Cannot find module '../../../data/mappings/biome_monster_mapping.json'. Consider using '--resolveJsonModule' to import module with '.json' extension.
src/ruleset/data/DataManager.ts(139,30): error TS1343: The 'import.meta' meta-property is only allowed when the '--module' option is 'es2020', 'es2022', 'esnext', 'system', 'node16', 'node18', 'node20', or 'nodenext'.
src/ruleset/data/DataManager.ts(177,32): error TS1343: The 'import.meta' meta-property is only allowed when the '--module' option is 'es2020', 'es2022', 'esnext', 'system', 'node16', 'node18', 'node20', or 'nodenext'.
